<?xml version="1.0" encoding="UTF-8"?>
<testsuites name="jest tests" tests="2" failures="0" errors="0" time="0.147">
  <testsuite name="undefined" errors="0" failures="0" skipped="0" timestamp="2021-07-28T22:24:17" time="0.101" tests="1">
    <testcase classname=" subs 2 - 1 to equal 1" name=" subs 2 - 1 to equal 1" time="0.001" file="__test__/sum.test.js">
    </testcase>
  </testsuite>
  <testsuite name="undefined" errors="0" failures="0" skipped="0" timestamp="2021-07-28T22:24:17" time="0.018" tests="1">
    <testcase classname=" add 2 + 3 to equal 5" name=" add 2 + 3 to equal 5" time="0" file="__test__/add.test.js">
    </testcase>
  </testsuite>
</testsuites>